// Jest Snapshot v1, https://goo.gl/fbAQLP

exports[`BitButton.vue has same HTML structure 1`] = `<button type="button" class="bit-btn"></button>`;
