// Jest Snapshot v1, https://goo.gl/fbAQLP

exports[`bit-input.vue has same HTML structure 1`] = `
<div class="bit-input-stacked">
  <label for="input-id" class="bit-input--label">Test</label>
  <input id="input-id" name="test" type="text" class="bit-input--field">
</div>
`;
