// Jest Snapshot v1, https://goo.gl/fbAQLP

exports[`block-navList.vue has same HTML structure 1`] = `
<div class="block-navList"><span class="block-navList--expand">|||</span>
  <ul class="block-navList--items"></ul>
</div>
`;
