// Jest Snapshot v1, https://goo.gl/fbAQLP

exports[`smart-search.vue has same HTML structure 1`] = `
<form action="/" method="get" class="smart-search">
  <div class="smart-search--heading">
    <div class="smart-search--headingSegment">
      <h2 class="smart-search--title">Region</h2>
      <!---->
    </div>
    <div class="smart-search--headingSegment">
      <div class="smart-search--toggleContainer">
        <div class="smart-search--fieldContainer is-hidden">
          <!---->
          <!---->
          <!---->
        </div>
      </div>
      <!---->
      <!---->
    </div>
  </div>
</form>
`;
