// Jest Snapshot v1, https://goo.gl/fbAQLP

exports[`stack-tableCollapsible.vue has the same HTML structure 1`] = `
<div class="stack-tableCollapsible">
  <!---->
</div>
`;
